// Jest Snapshot v1, https://goo.gl/fbAQLP

exports[`ForecastDetails renders correctly 1`] = `
<DocumentFragment>
  <div
    class="forecast-details"
  >
    <div
      class="forecast-details_date"
    >
      Thu Jan 01 1970
    </div>
    <div
      class="forecast-details__temperature_max"
    >
      Max temperature: 22°C
    </div>
    <div
      class="forecast-details__temperature_min"
    >
      Min temperature: 12°C
    </div>
    <div
      class="forecast-details_humidity"
    >
      Humidity: 11
    </div>
    <div
      class="forecast-details__wind_speed"
    >
      Wind Speed: 50
    </div>
    <div
      class="forecast-details__wind_direction"
    >
      Wind Direction: s
    </div>
  </div>
</DocumentFragment>
`;
